// Jest Snapshot v1, https://goo.gl/fbAQLP

exports[`Layouts / Main renders the main layout 1`] = `
<body>
  <div>
    <div
      class="emotion-0"
    >
      <div
        class="chakra-container emotion-0"
      >
        <a
          class="chakra-link emotion-0"
          href="/"
        >
          <span
            style="box-sizing: border-box; display: inline-block; overflow: hidden; background: none; opacity: 1; border: 0px; margin: 0px; padding: 0px; position: relative; max-width: 100%;"
          >
            <span
              style="box-sizing: border-box; display: block; background: none; opacity: 1; border: 0px; margin: 0px; padding: 0px; max-width: 100%;"
            >
              <img
                alt=""
                aria-hidden="true"
                src="data:image/svg+xml,%3csvg%20xmlns=%27http://www.w3.org/2000/svg%27%20version=%271.1%27%20width=%2732%27%20height=%2732%27/%3e"
                style="display: block; max-width: 100%; background: none; opacity: 1; border: 0px; margin: 0px; padding: 0px;"
              />
            </span>
            <img
              alt=""
              data-nimg="intrinsic"
              decoding="async"
              src="/_next/image?url=https%3A%2F%2Favatars.githubusercontent.com%2Fu%2F58490737%3Fv%3D4&w=64&q=75"
              srcset="/_next/image?url=https%3A%2F%2Favatars.githubusercontent.com%2Fu%2F58490737%3Fv%3D4&w=32&q=75 1x, /_next/image?url=https%3A%2F%2Favatars.githubusercontent.com%2Fu%2F58490737%3Fv%3D4&w=64&q=75 2x"
              style="position: absolute; top: 0px; left: 0px; bottom: 0px; right: 0px; box-sizing: border-box; padding: 0px; margin: auto; display: block; width: 0px; height: 0px; min-width: 100%; max-width: 100%; min-height: 100%; max-height: 100%;"
            />
          </span>
        </a>
        <div
          class="chakra-stack emotion-0"
        >
          <a
            class="chakra-link emotion-0"
            href="/projects"
          >
            Projects
          </a>
          <a
            class="chakra-link emotion-0"
            href="/me"
          >
            About Me
          </a>
        </div>
      </div>
    </div>
    <div
      style="opacity: 0; transform: translateY(8px) translateZ(0);"
    >
      <h1>
        Content
      </h1>
    </div>
    <footer
      class="emotion-0"
    >
      <div
        class="chakra-container emotion-0"
      >
        <div
          class="chakra-stack emotion-0"
        >
          <p
            class="chakra-text emotion-0"
          >
            Created By Yony Calsin
          </p>
          <p
            class="chakra-text emotion-0"
          >
            Built with Next.js, MDX, Chakra-Ui and Vercel
          </p>
        </div>
      </div>
    </footer>
    <div
      class="chakra-stack emotion-0"
    >
      <a
        class="chakra-link emotion-0"
        href="https://github.com/yonycalsin"
        rel="noreferrer"
        target="_blank"
      >
        Github
      </a>
      <a
        class="chakra-link emotion-0"
        href="https://www.linkedin.com/in/yonycalsin"
        rel="noreferrer"
        target="_blank"
      >
        Linkedin
      </a>
      <a
        class="chakra-link emotion-0"
        href="https://twitter.com/yonycalsin"
        rel="noreferrer"
        target="_blank"
      >
        Twitter
      </a>
      <a
        class="chakra-link emotion-0"
        href="mailto:helloyonycalsin@gmail.com"
        rel="noreferrer"
        target="_blank"
      >
        Email
      </a>
    </div>
    ,
  </div>
</body>
`;
