// Jest Snapshot v1, https://goo.gl/fbAQLP

exports[`MainLayout renders the main layout 1`] = `
<body>
  <div>
    <div
      class="w-full z-10 shadow-sm"
    >
      <div
        class="container py-5 md:py-6 flex justify-between items-center"
      >
        <a
          href="/"
        >
          <img
            alt="Logo"
            data-nimg="1"
            decoding="async"
            height="32"
            loading="lazy"
            src="/_next/image?url=%2Fimg.jpg&w=64&q=75"
            srcset="/_next/image?url=%2Fimg.jpg&w=32&q=75 1x, /_next/image?url=%2Fimg.jpg&w=64&q=75 2x"
            style="color: transparent;"
            width="32"
          />
        </a>
        <div
          class="space-x-4"
        >
          <a
            class="font-medium text-primary-600 dark:text-primary-500 hover:underline"
            href="/projects"
          >
            Projects
          </a>
          <a
            class="font-medium text-primary-600 dark:text-primary-500 hover:underline"
            href="/me"
          >
            About Me
          </a>
          <a
            class="font-medium text-primary-600 dark:text-primary-500 hover:underline"
            href="/faq"
          >
            FAQ
          </a>
          <a
            class="font-medium text-primary-600 dark:text-primary-500 hover:underline"
            href="/uses"
          >
            Uses
          </a>
          <a
            class="font-medium text-primary-600 dark:text-primary-500 hover:underline"
            href="/blog/categories/snippet"
          >
            Snippets
          </a>
        </div>
      </div>
    </div>
    <h1>
      Content
    </h1>
    <footer
      class="my-6"
    >
      <div
        class="container"
      >
        <footer
          class="p-4 bg-white rounded-lg shadow md:flex md:items-center md:justify-between md:p-6 dark:bg-gray-800"
        >
          <span
            class="text-sm text-gray-500 sm:text-center dark:text-gray-400"
          >
            © 2022
             
            <a
              class="hover:underline"
              href="https://yonycalsin.com"
            >
              Yony Calsin™
            </a>
            . All Rights Reserved.
          </span>
          <ul
            class="flex flex-wrap items-center mt-3 text-sm text-gray-500 dark:text-gray-400 sm:mt-0"
          >
            <li>
              <a
                class="mr-4 hover:underline md:mr-6 "
                href="#"
              >
                About
              </a>
            </li>
            <li>
              <a
                class="mr-4 hover:underline md:mr-6"
                href="#"
              >
                Privacy Policy
              </a>
            </li>
            <li>
              <a
                class="mr-4 hover:underline md:mr-6"
                href="#"
              >
                Licensing
              </a>
            </li>
            <li>
              <a
                class="hover:underline"
                href="#"
              >
                Contact
              </a>
            </li>
          </ul>
        </footer>
      </div>
    </footer>
    <div
      class="space-y-5 fixed bottom-8 left-8 hidden lg:flex flex-col"
    >
      <a
        class="font-medium text-primary-600 dark:text-primary-500 hover:underline"
        href="https://github.com/yonycalsin"
        rel="noreferrer"
        target="_blank"
      >
        Github
      </a>
      <a
        class="font-medium text-primary-600 dark:text-primary-500 hover:underline"
        href="https://www.linkedin.com/in/yonycalsin"
        rel="noreferrer"
        target="_blank"
      >
        Linkedin
      </a>
      <a
        class="font-medium text-primary-600 dark:text-primary-500 hover:underline"
        href="https://twitter.com/yonycalsin"
        rel="noreferrer"
        target="_blank"
      >
        Twitter
      </a>
      <a
        class="font-medium text-primary-600 dark:text-primary-500 hover:underline"
        href="mailto:helloyonycalsin@gmail.com"
        rel="noreferrer"
        target="_blank"
      >
        Email
      </a>
    </div>
  </div>
</body>
`;
