// Jest Snapshot v1, https://goo.gl/fbAQLP

exports[`PageTransaction wrappers a component with page-transaction correctly 1`] = `
<body>
  <div>
    <div
      style="opacity: 0; transform: translateY(8px) translateZ(0);"
    >
      <div
        data-testid="mock-content"
      />
    </div>
  </div>
</body>
`;
