// Jest Snapshot v1, https://goo.gl/fbAQLP

exports[`BlogCategoriesScreen renders the blog categories screen 1`] = `
.emotion-0 {
  width: 100%;
  -webkit-margin-start: auto;
  margin-inline-start: auto;
  -webkit-margin-end: auto;
  margin-inline-end: auto;
  max-width: var(--yony-sizes-container-md);
  -webkit-padding-start: var(--yony-space-4);
  padding-inline-start: var(--yony-space-4);
  -webkit-padding-end: var(--yony-space-4);
  padding-inline-end: var(--yony-space-4);
  padding-top: var(--yony-space-6);
  padding-bottom: var(--yony-space-12);
}

.emotion-1 {
  display: -webkit-box;
  display: -webkit-flex;
  display: -ms-flexbox;
  display: flex;
  -webkit-align-items: flex-start;
  -webkit-box-align: flex-start;
  -ms-flex-align: flex-start;
  align-items: flex-start;
  -webkit-flex-direction: column;
  -ms-flex-direction: column;
  flex-direction: column;
}

.emotion-1>*:not(style)~*:not(style) {
  margin-top: var(--yony-space-2);
  -webkit-margin-end: 0px;
  margin-inline-end: 0px;
  margin-bottom: 0px;
  -webkit-margin-start: 0px;
  margin-inline-start: 0px;
}

@media screen and (min-width: 48em) {
  .emotion-1>*:not(style)~*:not(style) {
    margin-top: var(--yony-space-5);
  }
}

.emotion-3 {
  display: -webkit-box;
  display: -webkit-flex;
  display: -ms-flexbox;
  display: flex;
  -webkit-align-items: center;
  -webkit-box-align: center;
  -ms-flex-align: center;
  align-items: center;
}

.emotion-4 {
  display: -webkit-inline-box;
  display: -webkit-inline-flex;
  display: -ms-inline-flexbox;
  display: inline-flex;
  -webkit-align-items: center;
  -webkit-box-align: center;
  -ms-flex-align: center;
  align-items: center;
}

.emotion-5 {
  transition-property: var(--yony-transition-property-common);
  transition-duration: var(--yony-transition-duration-fast);
  transition-timing-function: var(--yony-transition-easing-ease-out);
  cursor: pointer;
  -webkit-text-decoration: none;
  text-decoration: none;
  outline: 2px solid transparent;
  outline-offset: 2px;
  color: inherit;
}

.emotion-5:hover,
.emotion-5[data-hover] {
  -webkit-text-decoration: underline;
  text-decoration: underline;
}

.emotion-5:focus-visible,
.emotion-5[data-focus-visible] {
  box-shadow: var(--yony-shadows-outline);
}

.emotion-6 {
  -webkit-margin-start: 8px;
  margin-inline-start: 8px;
  -webkit-margin-end: 8px;
  margin-inline-end: 8px;
}

.emotion-12 {
  font-family: var(--yony-fonts-heading);
  font-weight: var(--yony-fontWeights-bold);
  font-size: var(--yony-fontSizes-3xl);
  line-height: 1.33;
}

@media screen and (min-width: 48em) {
  .emotion-12 {
    font-size: var(--yony-fontSizes-4xl);
    line-height: 1.2;
  }
}

.emotion-14 {
  display: -webkit-box;
  display: -webkit-flex;
  display: -ms-flexbox;
  display: flex;
  margin-top: var(--yony-space-6);
}

.emotion-15 {
  transition-property: var(--yony-transition-property-common);
  transition-duration: var(--yony-transition-duration-fast);
  transition-timing-function: var(--yony-transition-easing-ease-out);
  cursor: pointer;
  -webkit-text-decoration: none;
  text-decoration: none;
  outline: 2px solid transparent;
  outline-offset: 2px;
  color: primary;
  border: var(--yony-borders-1px);
  padding-top: var(--yony-space-2);
  padding-bottom: var(--yony-space-2);
  -webkit-padding-start: var(--yony-space-4);
  padding-inline-start: var(--yony-space-4);
  -webkit-padding-end: var(--yony-space-4);
  padding-inline-end: var(--yony-space-4);
  border-radius: var(--yony-radii-md);
}

.emotion-15:hover,
.emotion-15[data-hover] {
  -webkit-text-decoration: underline;
  text-decoration: underline;
}

.emotion-15:focus-visible,
.emotion-15[data-focus-visible] {
  box-shadow: var(--yony-shadows-outline);
}

<body
  class="chakra-ui-dark"
>
  <div>
    <div
      class="w-full z-10 shadow-sm"
    >
      <div
        class="container py-5 md:py-6 flex justify-between items-center"
      >
        <a
          href="/"
        >
          <img
            alt="Logo"
            data-nimg="1"
            decoding="async"
            height="32"
            loading="lazy"
            src="/_next/image?url=%2Fimg.jpg&w=64&q=75"
            srcset="/_next/image?url=%2Fimg.jpg&w=32&q=75 1x, /_next/image?url=%2Fimg.jpg&w=64&q=75 2x"
            style="color: transparent;"
            width="32"
          />
        </a>
        <div
          class="space-x-4"
        >
          <a
            class="font-medium text-primary-600 dark:text-primary-500 hover:underline"
            href="/projects"
          >
            Projects
          </a>
          <a
            class="font-medium text-primary-600 dark:text-primary-500 hover:underline"
            href="/me"
          >
            About Me
          </a>
          <a
            class="font-medium text-primary-600 dark:text-primary-500 hover:underline"
            href="/faq"
          >
            FAQ
          </a>
          <a
            class="font-medium text-primary-600 dark:text-primary-500 hover:underline"
            href="/uses"
          >
            Uses
          </a>
          <a
            class="font-medium text-primary-600 dark:text-primary-500 hover:underline"
            href="/snippets"
          >
            Snippets
          </a>
        </div>
      </div>
    </div>
    <div
      class="chakra-container emotion-0"
    >
      <header
        class="chakra-stack emotion-1"
      >
        <nav
          aria-label="breadcrumb"
          class="chakra-breadcrumb emotion-2"
        >
          <ol
            class="chakra-breadcrumb__list emotion-3"
          >
            <li
              class="chakra-breadcrumb__list-item emotion-4"
            >
              <a
                class="chakra-breadcrumb__link emotion-5"
                href="/"
              >
                Home
              </a>
              <span
                class="emotion-6"
                role="presentation"
              >
                <svg
                  color="gray.500"
                  fill="currentColor"
                  height="1em"
                  stroke="currentColor"
                  stroke-width="0"
                  viewBox="0 0 16 16"
                  width="1em"
                  xmlns="http://www.w3.org/2000/svg"
                >
                  <path
                    d="M6.776 1.553a.5.5 0 0 1 .671.223l3 6a.5.5 0 0 1 0 .448l-3 6a.5.5 0 1 1-.894-.448L9.44 8 6.553 2.224a.5.5 0 0 1 .223-.671z"
                    fill-rule="evenodd"
                  />
                </svg>
              </span>
            </li>
            <li
              class="chakra-breadcrumb__list-item emotion-4"
            >
              <a
                class="chakra-breadcrumb__link emotion-5"
                href="/blog"
              >
                Blog
              </a>
              <span
                class="emotion-6"
                role="presentation"
              >
                <svg
                  color="gray.500"
                  fill="currentColor"
                  height="1em"
                  stroke="currentColor"
                  stroke-width="0"
                  viewBox="0 0 16 16"
                  width="1em"
                  xmlns="http://www.w3.org/2000/svg"
                >
                  <path
                    d="M6.776 1.553a.5.5 0 0 1 .671.223l3 6a.5.5 0 0 1 0 .448l-3 6a.5.5 0 1 1-.894-.448L9.44 8 6.553 2.224a.5.5 0 0 1 .223-.671z"
                    fill-rule="evenodd"
                  />
                </svg>
              </span>
            </li>
            <li
              class="chakra-breadcrumb__list-item emotion-4"
            >
              <span
                aria-current="page"
                class="chakra-breadcrumb__link emotion-5"
              >
                Categories
              </span>
            </li>
          </ol>
        </nav>
        <h2
          class="chakra-heading emotion-12"
        >
          Blog Categories (
          1
          )
        </h2>
        <p
          class="chakra-text emotion-2"
        >
          This page contains all the categories.
        </p>
      </header>
      <div
        aria-label="List of categories"
        class="emotion-14"
        role="list"
      >
        <a
          class="chakra-link emotion-15"
          href="/blog/categories/programing"
          role="listitem"
        >
          Programing
        </a>
      </div>
    </div>
    <footer
      class="my-6"
    >
      <div
        class="container"
      >
        <footer
          class="p-4 bg-white rounded-lg shadow md:flex md:items-center md:justify-between md:p-6 dark:bg-gray-800"
        >
          <span
            class="text-sm text-gray-500 sm:text-center dark:text-gray-400"
          >
            © 2022
             
            <a
              class="hover:underline"
              href="https://yonycalsin.com"
            >
              Yony Calsin™
            </a>
            . All Rights Reserved.
          </span>
          <ul
            class="flex flex-wrap items-center mt-3 text-sm text-gray-500 dark:text-gray-400 sm:mt-0"
          >
            <li>
              <a
                class="mr-4 hover:underline md:mr-6 "
                href="#"
              >
                About
              </a>
            </li>
            <li>
              <a
                class="mr-4 hover:underline md:mr-6"
                href="#"
              >
                Privacy Policy
              </a>
            </li>
            <li>
              <a
                class="mr-4 hover:underline md:mr-6"
                href="#"
              >
                Licensing
              </a>
            </li>
            <li>
              <a
                class="hover:underline"
                href="#"
              >
                Contact
              </a>
            </li>
          </ul>
        </footer>
      </div>
    </footer>
    <div
      class="space-y-5 fixed bottom-8 left-8 hidden lg:flex flex-col"
    >
      <a
        class="font-medium text-primary-600 dark:text-primary-500 hover:underline"
        href="https://github.com/yonycalsin"
        rel="noreferrer"
        target="_blank"
      >
        Github
      </a>
      <a
        class="font-medium text-primary-600 dark:text-primary-500 hover:underline"
        href="https://www.linkedin.com/in/yonycalsin"
        rel="noreferrer"
        target="_blank"
      >
        Linkedin
      </a>
      <a
        class="font-medium text-primary-600 dark:text-primary-500 hover:underline"
        href="https://twitter.com/yonycalsin"
        rel="noreferrer"
        target="_blank"
      >
        Twitter
      </a>
      <a
        class="font-medium text-primary-600 dark:text-primary-500 hover:underline"
        href="mailto:helloyonycalsin@gmail.com"
        rel="noreferrer"
        target="_blank"
      >
        Email
      </a>
    </div>
    <span
      hidden=""
      id="__chakra_env"
    />
  </div>
  <div
    class="chakra-portal"
  >
    <ul
      aria-live="polite"
      id="chakra-toast-manager-top"
      role="region"
      style="position: fixed; z-index: 5500; pointer-events: none; display: flex; flex-direction: column; margin: 0px auto;"
    />
    <ul
      aria-live="polite"
      id="chakra-toast-manager-top-left"
      role="region"
      style="position: fixed; z-index: 5500; pointer-events: none; display: flex; flex-direction: column;"
    />
    <ul
      aria-live="polite"
      id="chakra-toast-manager-top-right"
      role="region"
      style="position: fixed; z-index: 5500; pointer-events: none; display: flex; flex-direction: column;"
    />
    <ul
      aria-live="polite"
      id="chakra-toast-manager-bottom-left"
      role="region"
      style="position: fixed; z-index: 5500; pointer-events: none; display: flex; flex-direction: column;"
    />
    <ul
      aria-live="polite"
      id="chakra-toast-manager-bottom"
      role="region"
      style="position: fixed; z-index: 5500; pointer-events: none; display: flex; flex-direction: column; margin: 0px auto;"
    />
    <ul
      aria-live="polite"
      id="chakra-toast-manager-bottom-right"
      role="region"
      style="position: fixed; z-index: 5500; pointer-events: none; display: flex; flex-direction: column;"
    />
  </div>
</body>
`;
