// Jest Snapshot v1, https://goo.gl/fbAQLP

exports[`NotFoundScreen renders the not found screen 1`] = `
.emotion-0 {
  width: 100%;
  -webkit-margin-start: auto;
  margin-inline-start: auto;
  -webkit-margin-end: auto;
  margin-inline-end: auto;
  max-width: var(--yony-sizes-container-md);
  -webkit-padding-start: var(--yony-space-4);
  padding-inline-start: var(--yony-space-4);
  -webkit-padding-end: var(--yony-space-4);
  padding-inline-end: var(--yony-space-4);
  padding-top: var(--yony-space-12);
  padding-bottom: var(--yony-space-12);
}

.emotion-1 {
  display: -webkit-box;
  display: -webkit-flex;
  display: -ms-flexbox;
  display: flex;
  -webkit-align-items: center;
  -webkit-box-align: center;
  -ms-flex-align: center;
  align-items: center;
  -webkit-flex-direction: column;
  -ms-flex-direction: column;
  flex-direction: column;
}

.emotion-1>*:not(style)~*:not(style) {
  margin-top: var(--yony-space-12);
  -webkit-margin-end: 0px;
  margin-inline-end: 0px;
  margin-bottom: 0px;
  -webkit-margin-start: 0px;
  margin-inline-start: 0px;
}

.emotion-2 {
  font-family: var(--yony-fonts-heading);
  font-weight: var(--yony-fontWeights-bold);
  font-size: var(--yony-fontSizes-3xl);
  line-height: 1.33;
}

@media screen and (min-width: 48em) {
  .emotion-2 {
    font-size: var(--yony-fontSizes-4xl);
    line-height: 1.2;
  }
}

.emotion-4 {
  display: -webkit-box;
  display: -webkit-flex;
  display: -ms-flexbox;
  display: flex;
  -webkit-flex-direction: column;
  -ms-flex-direction: column;
  flex-direction: column;
  gap: var(--yony-space-6);
}

@media screen and (min-width: 48em) {
  .emotion-4 {
    -webkit-flex-direction: row;
    -ms-flex-direction: row;
    flex-direction: row;
  }
}

.emotion-5 {
  display: -webkit-inline-box;
  display: -webkit-inline-flex;
  display: -ms-inline-flexbox;
  display: inline-flex;
  -webkit-appearance: none;
  -moz-appearance: none;
  -ms-appearance: none;
  appearance: none;
  -webkit-align-items: center;
  -webkit-box-align: center;
  -ms-flex-align: center;
  align-items: center;
  -webkit-box-pack: center;
  -ms-flex-pack: center;
  -webkit-justify-content: center;
  justify-content: center;
  -webkit-user-select: none;
  -moz-user-select: none;
  -ms-user-select: none;
  user-select: none;
  position: relative;
  white-space: nowrap;
  vertical-align: baseline;
  outline: 2px solid transparent;
  outline-offset: 2px;
  line-height: var(--yony-lineHeights-normal);
  border-radius: var(--yony-radii-md);
  font-weight: var(--yony-fontWeights-semibold);
  transition-property: var(--yony-transition-property-common);
  transition-duration: var(--yony-transition-duration-normal);
  height: auto;
  min-width: var(--yony-sizes-10);
  font-size: var(--yony-fontSizes-md);
  -webkit-padding-start: var(--yony-space-4);
  padding-inline-start: var(--yony-space-4);
  -webkit-padding-end: var(--yony-space-4);
  padding-inline-end: var(--yony-space-4);
  padding: 0px;
  color: var(--yony-colors-primary-200);
}

.emotion-5:focus-visible,
.emotion-5[data-focus-visible] {
  box-shadow: var(--yony-shadows-outline);
}

.emotion-5:disabled,
.emotion-5[disabled],
.emotion-5[aria-disabled=true],
.emotion-5[data-disabled] {
  opacity: 0.4;
  cursor: not-allowed;
  box-shadow: var(--yony-shadows-none);
}

.emotion-5:hover,
.emotion-5[data-hover] {
  -webkit-text-decoration: underline;
  text-decoration: underline;
}

.emotion-5:hover:disabled,
.emotion-5[data-hover]:disabled,
.emotion-5:hover[disabled],
.emotion-5[data-hover][disabled],
.emotion-5:hover[aria-disabled=true],
.emotion-5[data-hover][aria-disabled=true],
.emotion-5:hover[data-disabled],
.emotion-5[data-hover][data-disabled] {
  background: initial;
  -webkit-text-decoration: none;
  text-decoration: none;
}

.emotion-5:active,
.emotion-5[data-active] {
  color: var(--yony-colors-primary-500);
}

.emotion-6 {
  display: none;
}

@media screen and (min-width: 48em) {
  .emotion-6 {
    display: block;
  }
}

<body
  class="chakra-ui-dark"
>
  <div>
    <div
      class="w-full z-10 shadow-sm"
    >
      <div
        class="container py-5 md:py-6 flex justify-between items-center"
      >
        <a
          href="/"
        >
          <img
            alt="Logo"
            data-nimg="1"
            decoding="async"
            height="32"
            loading="lazy"
            src="/_next/image?url=%2Fimg.jpg&w=64&q=75"
            srcset="/_next/image?url=%2Fimg.jpg&w=32&q=75 1x, /_next/image?url=%2Fimg.jpg&w=64&q=75 2x"
            style="color: transparent;"
            width="32"
          />
        </a>
        <div
          class="space-x-4"
        >
          <a
            class="font-medium text-primary-600 dark:text-primary-500 hover:underline"
            href="/projects"
          >
            Projects
          </a>
          <a
            class="font-medium text-primary-600 dark:text-primary-500 hover:underline"
            href="/me"
          >
            About Me
          </a>
        </div>
      </div>
    </div>
    <main
      class="chakra-container emotion-0"
    >
      <div
        class="chakra-stack emotion-1"
      >
        <h2
          class="chakra-heading emotion-2"
        >
          😢
        </h2>
        <h2
          class="chakra-heading emotion-2"
        >
          Page not found
        </h2>
        <div
          class="emotion-4"
        >
          <a
            class="chakra-button emotion-5"
            href="/"
          >
            Go to home
          </a>
          <p
            class="chakra-text emotion-6"
          >
            •
          </p>
          <a
            class="chakra-button emotion-5"
            href="/me"
          >
            Go to about-me page
          </a>
          <p
            class="chakra-text emotion-6"
          >
            •
          </p>
          <a
            class="chakra-button emotion-5"
            href="/projects"
          >
            Go to projects page
          </a>
        </div>
      </div>
    </main>
    <footer
      class="my-6"
    >
      <div
        class="container"
      >
        <footer
          class="p-4 bg-white rounded-lg shadow md:flex md:items-center md:justify-between md:p-6 dark:bg-gray-800"
        >
          <span
            class="text-sm text-gray-500 sm:text-center dark:text-gray-400"
          >
            © 2022
             
            <a
              class="hover:underline"
              href="https://yonycalsin.com"
            >
              Yony Calsin™
            </a>
            . All Rights Reserved.
          </span>
          <ul
            class="flex flex-wrap items-center mt-3 text-sm text-gray-500 dark:text-gray-400 sm:mt-0"
          >
            <li>
              <a
                class="mr-4 hover:underline md:mr-6 "
                href="#"
              >
                About
              </a>
            </li>
            <li>
              <a
                class="mr-4 hover:underline md:mr-6"
                href="#"
              >
                Privacy Policy
              </a>
            </li>
            <li>
              <a
                class="mr-4 hover:underline md:mr-6"
                href="#"
              >
                Licensing
              </a>
            </li>
            <li>
              <a
                class="hover:underline"
                href="#"
              >
                Contact
              </a>
            </li>
          </ul>
        </footer>
      </div>
    </footer>
    <div
      class="space-y-5 fixed bottom-8 left-8 hidden lg:flex flex-col"
    >
      <a
        class="font-medium text-primary-600 dark:text-primary-500 hover:underline"
        href="https://github.com/yonycalsin"
        rel="noreferrer"
        target="_blank"
      >
        Github
      </a>
      <a
        class="font-medium text-primary-600 dark:text-primary-500 hover:underline"
        href="https://www.linkedin.com/in/yonycalsin"
        rel="noreferrer"
        target="_blank"
      >
        Linkedin
      </a>
      <a
        class="font-medium text-primary-600 dark:text-primary-500 hover:underline"
        href="https://twitter.com/yonycalsin"
        rel="noreferrer"
        target="_blank"
      >
        Twitter
      </a>
      <a
        class="font-medium text-primary-600 dark:text-primary-500 hover:underline"
        href="mailto:helloyonycalsin@gmail.com"
        rel="noreferrer"
        target="_blank"
      >
        Email
      </a>
    </div>
    <span
      hidden=""
      id="__chakra_env"
    />
  </div>
  <div
    class="chakra-portal"
  >
    <ul
      aria-live="polite"
      id="chakra-toast-manager-top"
      role="region"
      style="position: fixed; z-index: 5500; pointer-events: none; display: flex; flex-direction: column; margin: 0px auto;"
    />
    <ul
      aria-live="polite"
      id="chakra-toast-manager-top-left"
      role="region"
      style="position: fixed; z-index: 5500; pointer-events: none; display: flex; flex-direction: column;"
    />
    <ul
      aria-live="polite"
      id="chakra-toast-manager-top-right"
      role="region"
      style="position: fixed; z-index: 5500; pointer-events: none; display: flex; flex-direction: column;"
    />
    <ul
      aria-live="polite"
      id="chakra-toast-manager-bottom-left"
      role="region"
      style="position: fixed; z-index: 5500; pointer-events: none; display: flex; flex-direction: column;"
    />
    <ul
      aria-live="polite"
      id="chakra-toast-manager-bottom"
      role="region"
      style="position: fixed; z-index: 5500; pointer-events: none; display: flex; flex-direction: column; margin: 0px auto;"
    />
    <ul
      aria-live="polite"
      id="chakra-toast-manager-bottom-right"
      role="region"
      style="position: fixed; z-index: 5500; pointer-events: none; display: flex; flex-direction: column;"
    />
  </div>
</body>
`;
