// Jest Snapshot v1, https://goo.gl/fbAQLP

exports[`NotFoundScreen renders the not found screen 1`] = `
<body>
  <div>
    <main
      class="container py-12"
    >
      <div
        class="space-y-12 flex flex-col items-center"
      >
        <h1
          class="font-bold font-heading text-4xl"
        >
          😢
        </h1>
        <h1
          class="font-bold font-heading text-4xl"
        >
          Page not found
        </h1>
        <div
          class="flex flex-col lg:flex-row gap-6 text-center"
        >
          <a
            class="font-medium text-primary-600 dark:text-primary-500 hover:underline"
            href="/"
          >
            Go to home
          </a>
          <span
            class="hidden lg:block"
          >
            •
          </span>
          <a
            class="font-medium text-primary-600 dark:text-primary-500 hover:underline"
            href="/me"
          >
            Go to about-me page
          </a>
          <span
            class="hidden lg:block"
          >
            •
          </span>
          <a
            class="font-medium text-primary-600 dark:text-primary-500 hover:underline"
            href="/projects"
          >
            Go to projects page
          </a>
        </div>
      </div>
    </main>
  </div>
</body>
`;
