// Jest Snapshot v1, https://goo.gl/fbAQLP

exports[`Recommendations renders the recommendations 1`] = `
<body>
  <div>
    <div
      aria-label="List of recommendations"
      class="grid grid-cols-1 md:grid-cols-2 gap-3 md:gap-4"
      role="list"
    >
      <blockquote
        class="space-y-3 bg-white dark:bg-gray-800 p-4 rounded-lg shadow-card border-l-4 border-primary-500"
        role="listitem"
      >
        <p>
          Yony is an amazing person at work
        </p>
        <p
          class="text-sm italic font-extrabold"
        >
          -
           
          <a
            class="font-medium text-primary-600 dark:text-primary-500 hover:underline text-gray-600"
            href="https://linkedin.com/in/mock-username"
            target="_blank"
          >
            Elon Musk
          </a>
        </p>
        <p
          class="italic text-xs text-gray-400"
        >
          CEO of Tesla, and SpaceX
        </p>
      </blockquote>
    </div>
  </div>
</body>
`;
