// Jest Snapshot v1, https://goo.gl/fbAQLP

exports[`Components / ExternalAnchor renders an external anchor 1`] = `
<body>
  <div>
    <span>
      <a
        class="chakra-link emotion-0"
        d="inline-flex"
        href="https://domain.com"
        rel="noreferrer"
        target="_blank"
      >
        Go to home
      </a>
      <svg
        class="chakra-icon emotion-0"
        d="inline"
        fill="none"
        focusable="false"
        height="1em"
        stroke="currentColor"
        stroke-linecap="round"
        stroke-linejoin="round"
        stroke-width="2"
        viewBox="0 0 24 24"
        width="1em"
        xmlns="http://www.w3.org/2000/svg"
      >
        <line
          x1="7"
          x2="17"
          y1="17"
          y2="7"
        />
        <polyline
          points="7 7 17 7 17 17"
        />
      </svg>
    </span>
  </div>
</body>
`;
